mode: atomic
blips-ifrs9.tugu-re.com/internal/ecl/staging/adapters.go:28.58,30.2 1 9
blips-ifrs9.tugu-re.com/internal/ecl/staging/adapters.go:33.100,34.17 1 3
blips-ifrs9.tugu-re.com/internal/ecl/staging/adapters.go:34.17,36.3 1 1
blips-ifrs9.tugu-re.com/internal/ecl/staging/adapters.go:37.2,46.26 4 2
blips-ifrs9.tugu-re.com/internal/ecl/staging/adapters.go:46.26,48.3 1 1
blips-ifrs9.tugu-re.com/internal/ecl/staging/adapters.go:49.2,49.16 1 1
blips-ifrs9.tugu-re.com/internal/ecl/staging/adapters.go:49.16,51.3 1 1
blips-ifrs9.tugu-re.com/internal/ecl/staging/adapters.go:52.2,52.19 1 0
blips-ifrs9.tugu-re.com/internal/ecl/staging/adapters.go:57.121,58.17 1 3
blips-ifrs9.tugu-re.com/internal/ecl/staging/adapters.go:58.17,60.3 1 1
blips-ifrs9.tugu-re.com/internal/ecl/staging/adapters.go:62.2,74.26 4 2
blips-ifrs9.tugu-re.com/internal/ecl/staging/adapters.go:74.26,76.3 1 1
blips-ifrs9.tugu-re.com/internal/ecl/staging/adapters.go:77.2,77.16 1 1
blips-ifrs9.tugu-re.com/internal/ecl/staging/adapters.go:77.16,79.3 1 1
blips-ifrs9.tugu-re.com/internal/ecl/staging/adapters.go:80.2,80.19 1 0
blips-ifrs9.tugu-re.com/internal/ecl/staging/adapters.go:84.111,85.17 1 3
blips-ifrs9.tugu-re.com/internal/ecl/staging/adapters.go:85.17,87.3 1 1
blips-ifrs9.tugu-re.com/internal/ecl/staging/adapters.go:88.2,93.26 3 2
blips-ifrs9.tugu-re.com/internal/ecl/staging/adapters.go:93.26,95.3 1 1
blips-ifrs9.tugu-re.com/internal/ecl/staging/adapters.go:96.2,96.16 1 1
blips-ifrs9.tugu-re.com/internal/ecl/staging/adapters.go:96.16,98.3 1 1
blips-ifrs9.tugu-re.com/internal/ecl/staging/adapters.go:99.2,99.15 1 0
blips-ifrs9.tugu-re.com/internal/ecl/staging/adapters.go:110.62,112.2 1 5
blips-ifrs9.tugu-re.com/internal/ecl/staging/adapters.go:120.129,121.17 1 4
blips-ifrs9.tugu-re.com/internal/ecl/staging/adapters.go:121.17,123.3 1 2
blips-ifrs9.tugu-re.com/internal/ecl/staging/adapters.go:124.2,134.16 3 2
blips-ifrs9.tugu-re.com/internal/ecl/staging/adapters.go:134.16,136.3 1 0
blips-ifrs9.tugu-re.com/internal/ecl/staging/adapters.go:137.2,140.18 3 2
blips-ifrs9.tugu-re.com/internal/ecl/staging/adapters.go:140.18,142.39 2 1
blips-ifrs9.tugu-re.com/internal/ecl/staging/adapters.go:142.39,144.4 1 1
blips-ifrs9.tugu-re.com/internal/ecl/staging/adapters.go:145.3,145.31 1 0
blips-ifrs9.tugu-re.com/internal/ecl/staging/adapters.go:147.2,147.28 1 1
blips-ifrs9.tugu-re.com/internal/ecl/staging/adapters.go:155.112,156.17 1 1
blips-ifrs9.tugu-re.com/internal/ecl/staging/adapters.go:156.17,158.3 1 1
blips-ifrs9.tugu-re.com/internal/ecl/staging/adapters.go:159.2,164.26 3 0
blips-ifrs9.tugu-re.com/internal/ecl/staging/adapters.go:164.26,166.3 1 0
blips-ifrs9.tugu-re.com/internal/ecl/staging/adapters.go:167.2,167.16 1 0
blips-ifrs9.tugu-re.com/internal/ecl/staging/adapters.go:167.16,169.3 1 0
blips-ifrs9.tugu-re.com/internal/ecl/staging/adapters.go:170.2,170.15 1 0
blips-ifrs9.tugu-re.com/internal/ecl/staging/domain.go:68.100,70.2 1 5
blips-ifrs9.tugu-re.com/internal/ecl/staging/domain.go:73.80,77.2 1 1
blips-ifrs9.tugu-re.com/internal/ecl/staging/domain.go:80.85,85.2 1 1
blips-ifrs9.tugu-re.com/internal/ecl/staging/domain.go:88.60,91.2 1 1
blips-ifrs9.tugu-re.com/internal/ecl/staging/domain.go:94.113,99.2 1 1
blips-ifrs9.tugu-re.com/internal/ecl/staging/domain.go:102.58,105.2 1 1
blips-ifrs9.tugu-re.com/internal/ecl/staging/domain.go:120.31,122.2 1 2
blips-ifrs9.tugu-re.com/internal/ecl/staging/domain.go:125.32,125.52 1 2
blips-ifrs9.tugu-re.com/internal/ecl/staging/domain.go:146.37,147.11 1 10
blips-ifrs9.tugu-re.com/internal/ecl/staging/domain.go:150.65,151.14 1 9
blips-ifrs9.tugu-re.com/internal/ecl/staging/domain.go:153.2,153.14 1 1
blips-ifrs9.tugu-re.com/internal/ecl/staging/domain.go:184.51,186.2 1 6
blips-ifrs9.tugu-re.com/internal/ecl/staging/domain.go:219.13,221.33 2 1
blips-ifrs9.tugu-re.com/internal/ecl/staging/domain.go:221.33,223.3 1 18
blips-ifrs9.tugu-re.com/internal/ecl/staging/domain.go:228.37,229.41 1 377
blips-ifrs9.tugu-re.com/internal/ecl/staging/domain.go:229.41,231.3 1 372
blips-ifrs9.tugu-re.com/internal/ecl/staging/domain.go:232.2,232.11 1 5
blips-ifrs9.tugu-re.com/internal/ecl/staging/domain.go:240.44,243.2 2 21
blips-ifrs9.tugu-re.com/internal/ecl/staging/domain.go:246.42,248.2 1 26
blips-ifrs9.tugu-re.com/internal/ecl/staging/domain.go:257.50,260.30 3 178
blips-ifrs9.tugu-re.com/internal/ecl/staging/domain.go:260.30,262.3 1 3
blips-ifrs9.tugu-re.com/internal/ecl/staging/domain.go:263.2,263.24 1 175
blips-ifrs9.tugu-re.com/internal/ecl/staging/domain.go:297.103,301.36 2 24
blips-ifrs9.tugu-re.com/internal/ecl/staging/domain.go:301.36,307.3 5 1
blips-ifrs9.tugu-re.com/internal/ecl/staging/domain.go:311.2,311.20 1 23
blips-ifrs9.tugu-re.com/internal/ecl/staging/domain.go:311.20,316.3 4 5
blips-ifrs9.tugu-re.com/internal/ecl/staging/domain.go:319.2,321.16 3 18
blips-ifrs9.tugu-re.com/internal/ecl/staging/domain.go:321.16,327.3 4 6
blips-ifrs9.tugu-re.com/internal/ecl/staging/domain.go:331.2,331.100 1 12
blips-ifrs9.tugu-re.com/internal/ecl/staging/domain.go:331.100,336.3 4 2
blips-ifrs9.tugu-re.com/internal/ecl/staging/domain.go:338.2,338.15 1 10
blips-ifrs9.tugu-re.com/internal/ecl/staging/domain.go:345.117,346.44 1 25
blips-ifrs9.tugu-re.com/internal/ecl/staging/domain.go:346.44,351.3 2 7
blips-ifrs9.tugu-re.com/internal/ecl/staging/domain.go:352.2,352.26 1 18
blips-ifrs9.tugu-re.com/internal/ecl/staging/domain.go:352.26,354.29 1 10
blips-ifrs9.tugu-re.com/internal/ecl/staging/domain.go:354.29,356.4 1 9
blips-ifrs9.tugu-re.com/internal/ecl/staging/domain.go:358.3,358.29 1 1
blips-ifrs9.tugu-re.com/internal/ecl/staging/domain.go:358.29,360.4 1 1
blips-ifrs9.tugu-re.com/internal/ecl/staging/domain.go:363.2,363.28 1 8
blips-ifrs9.tugu-re.com/internal/ecl/staging/domain.go:463.43,465.2 1 6
blips-ifrs9.tugu-re.com/internal/ecl/staging/domain.go:598.25,599.12 1 11
blips-ifrs9.tugu-re.com/internal/ecl/staging/domain.go:599.12,601.3 1 0
blips-ifrs9.tugu-re.com/internal/ecl/staging/domain.go:602.2,603.9 2 11
blips-ifrs9.tugu-re.com/internal/ecl/staging/domain.go:603.9,605.3 1 0
blips-ifrs9.tugu-re.com/internal/ecl/staging/domain.go:606.2,608.12 3 11
blips-ifrs9.tugu-re.com/internal/ecl/staging/domain.go:608.12,612.3 3 16
blips-ifrs9.tugu-re.com/internal/ecl/staging/domain.go:613.2,613.9 1 11
blips-ifrs9.tugu-re.com/internal/ecl/staging/domain.go:613.9,616.3 2 0
blips-ifrs9.tugu-re.com/internal/ecl/staging/domain.go:617.2,617.26 1 11
blips-ifrs9.tugu-re.com/internal/ecl/staging/domain.go:621.31,621.44 1 16
blips-ifrs9.tugu-re.com/internal/ecl/staging/domain.go:632.123,636.2 3 10
blips-ifrs9.tugu-re.com/internal/ecl/staging/handler.go:56.62,58.19 2 48
blips-ifrs9.tugu-re.com/internal/ecl/staging/handler.go:58.19,60.3 1 1
blips-ifrs9.tugu-re.com/internal/ecl/staging/handler.go:61.2,61.10 1 48
blips-ifrs9.tugu-re.com/internal/ecl/staging/handler.go:76.51,78.47 2 7
blips-ifrs9.tugu-re.com/internal/ecl/staging/handler.go:78.47,82.3 2 1
blips-ifrs9.tugu-re.com/internal/ecl/staging/handler.go:84.2,84.32 1 6
blips-ifrs9.tugu-re.com/internal/ecl/staging/handler.go:84.32,88.3 2 0
blips-ifrs9.tugu-re.com/internal/ecl/staging/handler.go:89.2,89.33 1 6
blips-ifrs9.tugu-re.com/internal/ecl/staging/handler.go:89.33,93.3 2 1
blips-ifrs9.tugu-re.com/internal/ecl/staging/handler.go:95.2,99.19 5 5
blips-ifrs9.tugu-re.com/internal/ecl/staging/handler.go:99.19,101.28 2 5
blips-ifrs9.tugu-re.com/internal/ecl/staging/handler.go:101.28,103.4 1 5
blips-ifrs9.tugu-re.com/internal/ecl/staging/handler.go:104.3,104.28 1 5
blips-ifrs9.tugu-re.com/internal/ecl/staging/handler.go:104.28,106.4 1 5
blips-ifrs9.tugu-re.com/internal/ecl/staging/handler.go:109.2,112.27 3 5
blips-ifrs9.tugu-re.com/internal/ecl/staging/handler.go:112.27,114.48 1 1
blips-ifrs9.tugu-re.com/internal/ecl/staging/handler.go:114.48,125.18 4 1
blips-ifrs9.tugu-re.com/internal/ecl/staging/handler.go:125.18,129.5 2 0
blips-ifrs9.tugu-re.com/internal/ecl/staging/handler.go:130.4,130.86 1 1
blips-ifrs9.tugu-re.com/internal/ecl/staging/handler.go:130.86,134.5 2 0
blips-ifrs9.tugu-re.com/internal/ecl/staging/handler.go:136.8,138.48 1 4
blips-ifrs9.tugu-re.com/internal/ecl/staging/handler.go:138.48,140.114 2 4
blips-ifrs9.tugu-re.com/internal/ecl/staging/handler.go:140.114,143.5 2 1
blips-ifrs9.tugu-re.com/internal/ecl/staging/handler.go:147.2,151.4 1 4
blips-ifrs9.tugu-re.com/internal/ecl/staging/handler.go:161.55,163.47 2 3
blips-ifrs9.tugu-re.com/internal/ecl/staging/handler.go:163.47,167.3 2 0
blips-ifrs9.tugu-re.com/internal/ecl/staging/handler.go:168.2,168.32 1 3
blips-ifrs9.tugu-re.com/internal/ecl/staging/handler.go:168.32,172.3 2 1
blips-ifrs9.tugu-re.com/internal/ecl/staging/handler.go:173.2,173.31 1 2
blips-ifrs9.tugu-re.com/internal/ecl/staging/handler.go:173.31,177.3 2 1
blips-ifrs9.tugu-re.com/internal/ecl/staging/handler.go:179.2,181.16 3 1
blips-ifrs9.tugu-re.com/internal/ecl/staging/handler.go:181.16,184.3 2 0
blips-ifrs9.tugu-re.com/internal/ecl/staging/handler.go:185.2,185.24 1 1
blips-ifrs9.tugu-re.com/internal/ecl/staging/handler.go:191.58,193.16 2 2
blips-ifrs9.tugu-re.com/internal/ecl/staging/handler.go:193.16,196.3 2 1
blips-ifrs9.tugu-re.com/internal/ecl/staging/handler.go:198.2,199.16 2 1
blips-ifrs9.tugu-re.com/internal/ecl/staging/handler.go:199.16,202.3 2 0
blips-ifrs9.tugu-re.com/internal/ecl/staging/handler.go:203.2,203.24 1 1
blips-ifrs9.tugu-re.com/internal/ecl/staging/handler.go:209.53,211.16 2 5
blips-ifrs9.tugu-re.com/internal/ecl/staging/handler.go:211.16,214.3 2 1
blips-ifrs9.tugu-re.com/internal/ecl/staging/handler.go:216.2,217.16 2 4
blips-ifrs9.tugu-re.com/internal/ecl/staging/handler.go:217.16,220.3 2 2
blips-ifrs9.tugu-re.com/internal/ecl/staging/handler.go:221.2,222.16 2 2
blips-ifrs9.tugu-re.com/internal/ecl/staging/handler.go:222.16,225.3 2 1
blips-ifrs9.tugu-re.com/internal/ecl/staging/handler.go:227.2,228.16 2 1
blips-ifrs9.tugu-re.com/internal/ecl/staging/handler.go:228.16,231.3 2 0
blips-ifrs9.tugu-re.com/internal/ecl/staging/handler.go:233.2,233.85 1 1
blips-ifrs9.tugu-re.com/internal/ecl/staging/handler.go:239.57,241.47 2 6
blips-ifrs9.tugu-re.com/internal/ecl/staging/handler.go:241.47,245.3 2 4
blips-ifrs9.tugu-re.com/internal/ecl/staging/handler.go:247.2,247.33 1 2
blips-ifrs9.tugu-re.com/internal/ecl/staging/handler.go:247.33,250.3 2 0
blips-ifrs9.tugu-re.com/internal/ecl/staging/handler.go:251.2,251.32 1 2
blips-ifrs9.tugu-re.com/internal/ecl/staging/handler.go:251.32,254.3 2 1
blips-ifrs9.tugu-re.com/internal/ecl/staging/handler.go:255.2,255.22 1 1
blips-ifrs9.tugu-re.com/internal/ecl/staging/handler.go:255.22,258.3 2 0
blips-ifrs9.tugu-re.com/internal/ecl/staging/handler.go:260.2,261.16 2 1
blips-ifrs9.tugu-re.com/internal/ecl/staging/handler.go:261.16,264.3 2 0
blips-ifrs9.tugu-re.com/internal/ecl/staging/handler.go:265.2,265.27 1 1
blips-ifrs9.tugu-re.com/internal/ecl/staging/handler.go:271.57,273.16 2 3
blips-ifrs9.tugu-re.com/internal/ecl/staging/handler.go:273.16,276.3 2 1
blips-ifrs9.tugu-re.com/internal/ecl/staging/handler.go:278.2,279.47 2 2
blips-ifrs9.tugu-re.com/internal/ecl/staging/handler.go:279.47,283.3 2 0
blips-ifrs9.tugu-re.com/internal/ecl/staging/handler.go:285.2,286.16 2 2
blips-ifrs9.tugu-re.com/internal/ecl/staging/handler.go:286.16,289.3 2 1
blips-ifrs9.tugu-re.com/internal/ecl/staging/handler.go:290.2,290.22 1 1
blips-ifrs9.tugu-re.com/internal/ecl/staging/handler.go:297.54,299.16 2 3
blips-ifrs9.tugu-re.com/internal/ecl/staging/handler.go:299.16,302.3 2 1
blips-ifrs9.tugu-re.com/internal/ecl/staging/handler.go:304.2,305.47 2 2
blips-ifrs9.tugu-re.com/internal/ecl/staging/handler.go:305.47,309.3 2 0
blips-ifrs9.tugu-re.com/internal/ecl/staging/handler.go:311.2,312.16 2 2
blips-ifrs9.tugu-re.com/internal/ecl/staging/handler.go:312.16,315.3 2 1
blips-ifrs9.tugu-re.com/internal/ecl/staging/handler.go:316.2,316.22 1 1
blips-ifrs9.tugu-re.com/internal/ecl/staging/handler.go:323.56,325.16 2 2
blips-ifrs9.tugu-re.com/internal/ecl/staging/handler.go:325.16,328.3 2 1
blips-ifrs9.tugu-re.com/internal/ecl/staging/handler.go:330.2,331.47 2 1
blips-ifrs9.tugu-re.com/internal/ecl/staging/handler.go:331.47,335.3 2 0
blips-ifrs9.tugu-re.com/internal/ecl/staging/handler.go:337.2,338.16 2 1
blips-ifrs9.tugu-re.com/internal/ecl/staging/handler.go:338.16,341.3 2 1
blips-ifrs9.tugu-re.com/internal/ecl/staging/handler.go:342.2,342.22 1 0
blips-ifrs9.tugu-re.com/internal/ecl/staging/handler.go:348.57,350.16 2 4
blips-ifrs9.tugu-re.com/internal/ecl/staging/handler.go:350.16,353.3 2 1
blips-ifrs9.tugu-re.com/internal/ecl/staging/handler.go:355.2,356.47 2 3
blips-ifrs9.tugu-re.com/internal/ecl/staging/handler.go:356.47,360.3 2 2
blips-ifrs9.tugu-re.com/internal/ecl/staging/handler.go:361.2,361.23 1 1
blips-ifrs9.tugu-re.com/internal/ecl/staging/handler.go:361.23,364.3 2 0
blips-ifrs9.tugu-re.com/internal/ecl/staging/handler.go:366.2,367.16 2 1
blips-ifrs9.tugu-re.com/internal/ecl/staging/handler.go:367.16,370.3 2 0
blips-ifrs9.tugu-re.com/internal/ecl/staging/handler.go:371.2,371.22 1 1
blips-ifrs9.tugu-re.com/internal/ecl/staging/handler.go:377.56,379.16 2 3
blips-ifrs9.tugu-re.com/internal/ecl/staging/handler.go:379.16,382.3 2 1
blips-ifrs9.tugu-re.com/internal/ecl/staging/handler.go:383.2,384.16 2 2
blips-ifrs9.tugu-re.com/internal/ecl/staging/handler.go:384.16,387.3 2 1
blips-ifrs9.tugu-re.com/internal/ecl/staging/handler.go:389.2,390.16 2 1
blips-ifrs9.tugu-re.com/internal/ecl/staging/handler.go:390.16,393.3 2 0
blips-ifrs9.tugu-re.com/internal/ecl/staging/handler.go:395.2,395.85 1 1
blips-ifrs9.tugu-re.com/internal/ecl/staging/handler.go:402.52,404.47 2 7
blips-ifrs9.tugu-re.com/internal/ecl/staging/handler.go:404.47,408.3 2 3
blips-ifrs9.tugu-re.com/internal/ecl/staging/handler.go:410.2,410.33 1 4
blips-ifrs9.tugu-re.com/internal/ecl/staging/handler.go:410.33,413.3 2 0
blips-ifrs9.tugu-re.com/internal/ecl/staging/handler.go:414.2,414.22 1 4
blips-ifrs9.tugu-re.com/internal/ecl/staging/handler.go:414.22,417.3 2 0
blips-ifrs9.tugu-re.com/internal/ecl/staging/handler.go:418.2,418.22 1 4
blips-ifrs9.tugu-re.com/internal/ecl/staging/handler.go:418.22,420.3 1 0
blips-ifrs9.tugu-re.com/internal/ecl/staging/handler.go:421.2,421.53 1 4
blips-ifrs9.tugu-re.com/internal/ecl/staging/handler.go:421.53,425.3 2 1
blips-ifrs9.tugu-re.com/internal/ecl/staging/handler.go:428.2,429.16 2 3
blips-ifrs9.tugu-re.com/internal/ecl/staging/handler.go:429.16,433.3 2 1
blips-ifrs9.tugu-re.com/internal/ecl/staging/handler.go:435.2,436.16 2 2
blips-ifrs9.tugu-re.com/internal/ecl/staging/handler.go:436.16,439.3 2 1
blips-ifrs9.tugu-re.com/internal/ecl/staging/handler.go:441.2,441.48 1 1
blips-ifrs9.tugu-re.com/internal/ecl/staging/handler.go:447.56,449.16 2 4
blips-ifrs9.tugu-re.com/internal/ecl/staging/handler.go:449.16,452.3 2 1
blips-ifrs9.tugu-re.com/internal/ecl/staging/handler.go:454.2,455.16 2 3
blips-ifrs9.tugu-re.com/internal/ecl/staging/handler.go:455.16,458.3 2 1
blips-ifrs9.tugu-re.com/internal/ecl/staging/handler.go:459.2,460.16 2 2
blips-ifrs9.tugu-re.com/internal/ecl/staging/handler.go:460.16,463.3 2 1
blips-ifrs9.tugu-re.com/internal/ecl/staging/handler.go:465.2,466.16 2 1
blips-ifrs9.tugu-re.com/internal/ecl/staging/handler.go:466.16,469.3 2 0
blips-ifrs9.tugu-re.com/internal/ecl/staging/handler.go:471.2,471.85 1 1
blips-ifrs9.tugu-re.com/internal/ecl/staging/handler.go:477.54,480.16 3 23
blips-ifrs9.tugu-re.com/internal/ecl/staging/handler.go:480.16,483.3 1 7
blips-ifrs9.tugu-re.com/internal/ecl/staging/handler.go:484.2,484.16 1 16
blips-ifrs9.tugu-re.com/internal/ecl/staging/handler.go:487.69,494.2 1 3
blips-ifrs9.tugu-re.com/internal/ecl/staging/handler.go:496.62,498.27 2 3
blips-ifrs9.tugu-re.com/internal/ecl/staging/handler.go:498.27,500.3 1 1
blips-ifrs9.tugu-re.com/internal/ecl/staging/handler.go:501.2,501.14 1 3
blips-ifrs9.tugu-re.com/internal/ecl/staging/repo.go:134.54,135.15 1 14
blips-ifrs9.tugu-re.com/internal/ecl/staging/repo.go:135.15,137.3 1 5
blips-ifrs9.tugu-re.com/internal/ecl/staging/repo.go:138.2,138.33 1 9
blips-ifrs9.tugu-re.com/internal/ecl/staging/repo.go:141.73,142.17 1 3
blips-ifrs9.tugu-re.com/internal/ecl/staging/repo.go:142.17,144.3 1 1
blips-ifrs9.tugu-re.com/internal/ecl/staging/repo.go:145.2,145.31 1 2
blips-ifrs9.tugu-re.com/internal/ecl/staging/repo.go:148.106,149.17 1 2
blips-ifrs9.tugu-re.com/internal/ecl/staging/repo.go:149.17,151.3 1 1
blips-ifrs9.tugu-re.com/internal/ecl/staging/repo.go:152.2,178.16 4 1
blips-ifrs9.tugu-re.com/internal/ecl/staging/repo.go:178.16,180.3 1 1
blips-ifrs9.tugu-re.com/internal/ecl/staging/repo.go:181.2,181.18 1 0
blips-ifrs9.tugu-re.com/internal/ecl/staging/repo.go:184.104,185.17 1 3
blips-ifrs9.tugu-re.com/internal/ecl/staging/repo.go:185.17,187.3 1 1
blips-ifrs9.tugu-re.com/internal/ecl/staging/repo.go:188.2,204.26 4 2
blips-ifrs9.tugu-re.com/internal/ecl/staging/repo.go:204.26,206.3 1 1
blips-ifrs9.tugu-re.com/internal/ecl/staging/repo.go:207.2,207.16 1 1
blips-ifrs9.tugu-re.com/internal/ecl/staging/repo.go:207.16,209.3 1 1
blips-ifrs9.tugu-re.com/internal/ecl/staging/repo.go:210.2,210.18 1 0
blips-ifrs9.tugu-re.com/internal/ecl/staging/repo.go:213.127,214.17 1 3
blips-ifrs9.tugu-re.com/internal/ecl/staging/repo.go:214.17,216.3 1 1
blips-ifrs9.tugu-re.com/internal/ecl/staging/repo.go:217.2,232.26 4 2
blips-ifrs9.tugu-re.com/internal/ecl/staging/repo.go:232.26,234.3 1 1
blips-ifrs9.tugu-re.com/internal/ecl/staging/repo.go:235.2,235.16 1 1
blips-ifrs9.tugu-re.com/internal/ecl/staging/repo.go:235.16,237.3 1 1
blips-ifrs9.tugu-re.com/internal/ecl/staging/repo.go:238.2,238.18 1 0
blips-ifrs9.tugu-re.com/internal/ecl/staging/repo.go:241.165,242.17 1 3
blips-ifrs9.tugu-re.com/internal/ecl/staging/repo.go:242.17,244.3 1 1
blips-ifrs9.tugu-re.com/internal/ecl/staging/repo.go:246.2,253.18 6 2
blips-ifrs9.tugu-re.com/internal/ecl/staging/repo.go:253.18,255.33 2 0
blips-ifrs9.tugu-re.com/internal/ecl/staging/repo.go:255.33,259.4 3 0
blips-ifrs9.tugu-re.com/internal/ecl/staging/repo.go:262.2,264.19 2 2
blips-ifrs9.tugu-re.com/internal/ecl/staging/repo.go:264.19,266.3 1 2
blips-ifrs9.tugu-re.com/internal/ecl/staging/repo.go:267.2,280.16 4 2
blips-ifrs9.tugu-re.com/internal/ecl/staging/repo.go:280.16,282.3 1 0
blips-ifrs9.tugu-re.com/internal/ecl/staging/repo.go:283.2,286.18 3 2
blips-ifrs9.tugu-re.com/internal/ecl/staging/repo.go:286.18,293.17 2 1
blips-ifrs9.tugu-re.com/internal/ecl/staging/repo.go:293.17,295.4 1 1
blips-ifrs9.tugu-re.com/internal/ecl/staging/repo.go:296.3,296.28 1 0
blips-ifrs9.tugu-re.com/internal/ecl/staging/repo.go:298.2,298.35 1 1
blips-ifrs9.tugu-re.com/internal/ecl/staging/repo.go:298.35,300.3 1 0
blips-ifrs9.tugu-re.com/internal/ecl/staging/repo.go:302.2,303.13 2 1
blips-ifrs9.tugu-re.com/internal/ecl/staging/repo.go:303.13,305.3 1 0
blips-ifrs9.tugu-re.com/internal/ecl/staging/repo.go:307.2,308.30 2 1
blips-ifrs9.tugu-re.com/internal/ecl/staging/repo.go:308.30,312.3 3 0
blips-ifrs9.tugu-re.com/internal/ecl/staging/repo.go:314.2,319.23 2 1
blips-ifrs9.tugu-re.com/internal/ecl/staging/repo.go:322.142,323.17 1 2
blips-ifrs9.tugu-re.com/internal/ecl/staging/repo.go:323.17,325.3 1 1
blips-ifrs9.tugu-re.com/internal/ecl/staging/repo.go:326.2,335.16 4 1
blips-ifrs9.tugu-re.com/internal/ecl/staging/repo.go:335.16,337.3 1 1
blips-ifrs9.tugu-re.com/internal/ecl/staging/repo.go:338.2,338.19 1 0
blips-ifrs9.tugu-re.com/internal/ecl/staging/repo.go:349.72,350.15 1 17
blips-ifrs9.tugu-re.com/internal/ecl/staging/repo.go:350.15,352.3 1 7
blips-ifrs9.tugu-re.com/internal/ecl/staging/repo.go:353.2,353.42 1 10
blips-ifrs9.tugu-re.com/internal/ecl/staging/repo.go:356.130,357.17 1 2
blips-ifrs9.tugu-re.com/internal/ecl/staging/repo.go:357.17,360.3 2 1
blips-ifrs9.tugu-re.com/internal/ecl/staging/repo.go:361.2,371.26 2 1
blips-ifrs9.tugu-re.com/internal/ecl/staging/repo.go:371.26,373.3 1 1
blips-ifrs9.tugu-re.com/internal/ecl/staging/repo.go:374.2,382.16 2 1
blips-ifrs9.tugu-re.com/internal/ecl/staging/repo.go:382.16,385.55 1 1
blips-ifrs9.tugu-re.com/internal/ecl/staging/repo.go:385.55,387.4 1 0
blips-ifrs9.tugu-re.com/internal/ecl/staging/repo.go:388.3,388.65 1 1
blips-ifrs9.tugu-re.com/internal/ecl/staging/repo.go:390.2,390.19 1 0
blips-ifrs9.tugu-re.com/internal/ecl/staging/repo.go:393.124,394.17 1 4
blips-ifrs9.tugu-re.com/internal/ecl/staging/repo.go:394.17,396.3 1 1
blips-ifrs9.tugu-re.com/internal/ecl/staging/repo.go:397.2,416.26 5 3
blips-ifrs9.tugu-re.com/internal/ecl/staging/repo.go:416.26,418.3 1 1
blips-ifrs9.tugu-re.com/internal/ecl/staging/repo.go:419.2,419.16 1 2
blips-ifrs9.tugu-re.com/internal/ecl/staging/repo.go:419.16,421.3 1 2
blips-ifrs9.tugu-re.com/internal/ecl/staging/repo.go:422.2,426.16 5 0
blips-ifrs9.tugu-re.com/internal/ecl/staging/repo.go:429.207,430.17 1 3
blips-ifrs9.tugu-re.com/internal/ecl/staging/repo.go:430.17,432.3 1 1
blips-ifrs9.tugu-re.com/internal/ecl/staging/repo.go:434.2,440.18 6 2
blips-ifrs9.tugu-re.com/internal/ecl/staging/repo.go:440.18,442.33 2 0
blips-ifrs9.tugu-re.com/internal/ecl/staging/repo.go:442.33,446.4 3 0
blips-ifrs9.tugu-re.com/internal/ecl/staging/repo.go:449.2,451.19 2 2
blips-ifrs9.tugu-re.com/internal/ecl/staging/repo.go:451.19,453.3 1 2
blips-ifrs9.tugu-re.com/internal/ecl/staging/repo.go:454.2,468.16 4 2
blips-ifrs9.tugu-re.com/internal/ecl/staging/repo.go:468.16,470.3 1 0
blips-ifrs9.tugu-re.com/internal/ecl/staging/repo.go:471.2,474.18 3 2
blips-ifrs9.tugu-re.com/internal/ecl/staging/repo.go:474.18,483.17 3 1
blips-ifrs9.tugu-re.com/internal/ecl/staging/repo.go:483.17,485.4 1 1
blips-ifrs9.tugu-re.com/internal/ecl/staging/repo.go:486.3,490.32 5 0
blips-ifrs9.tugu-re.com/internal/ecl/staging/repo.go:492.2,492.35 1 1
blips-ifrs9.tugu-re.com/internal/ecl/staging/repo.go:492.35,494.3 1 0
blips-ifrs9.tugu-re.com/internal/ecl/staging/repo.go:496.2,497.13 2 1
blips-ifrs9.tugu-re.com/internal/ecl/staging/repo.go:497.13,499.3 1 0
blips-ifrs9.tugu-re.com/internal/ecl/staging/repo.go:501.2,502.33 2 1
blips-ifrs9.tugu-re.com/internal/ecl/staging/repo.go:502.33,506.3 3 0
blips-ifrs9.tugu-re.com/internal/ecl/staging/repo.go:508.2,513.26 2 1
blips-ifrs9.tugu-re.com/internal/ecl/staging/repo.go:516.116,517.17 1 2
blips-ifrs9.tugu-re.com/internal/ecl/staging/repo.go:517.17,519.3 1 1
blips-ifrs9.tugu-re.com/internal/ecl/staging/repo.go:520.2,527.40 4 1
blips-ifrs9.tugu-re.com/internal/ecl/staging/repo.go:527.40,529.3 1 0
blips-ifrs9.tugu-re.com/internal/ecl/staging/repo.go:530.2,530.15 1 1
blips-ifrs9.tugu-re.com/internal/ecl/staging/repo.go:533.131,534.17 1 2
blips-ifrs9.tugu-re.com/internal/ecl/staging/repo.go:534.17,536.3 1 1
blips-ifrs9.tugu-re.com/internal/ecl/staging/repo.go:537.2,545.16 4 1
blips-ifrs9.tugu-re.com/internal/ecl/staging/repo.go:545.16,547.3 1 1
blips-ifrs9.tugu-re.com/internal/ecl/staging/repo.go:548.2,548.17 1 0
blips-ifrs9.tugu-re.com/internal/ecl/staging/repo.go:551.158,552.17 1 2
blips-ifrs9.tugu-re.com/internal/ecl/staging/repo.go:552.17,554.3 1 1
blips-ifrs9.tugu-re.com/internal/ecl/staging/repo.go:555.2,563.16 4 1
blips-ifrs9.tugu-re.com/internal/ecl/staging/repo.go:563.16,565.3 1 1
blips-ifrs9.tugu-re.com/internal/ecl/staging/repo.go:566.2,566.20 1 0
blips-ifrs9.tugu-re.com/internal/ecl/staging/repo.go:569.117,570.17 1 3
blips-ifrs9.tugu-re.com/internal/ecl/staging/repo.go:570.17,572.3 1 1
blips-ifrs9.tugu-re.com/internal/ecl/staging/repo.go:575.2,585.16 3 2
blips-ifrs9.tugu-re.com/internal/ecl/staging/repo.go:585.16,587.3 1 0
blips-ifrs9.tugu-re.com/internal/ecl/staging/repo.go:588.2,593.18 3 2
blips-ifrs9.tugu-re.com/internal/ecl/staging/repo.go:593.18,595.40 2 1
blips-ifrs9.tugu-re.com/internal/ecl/staging/repo.go:595.40,597.4 1 0
blips-ifrs9.tugu-re.com/internal/ecl/staging/repo.go:598.3,598.42 1 1
blips-ifrs9.tugu-re.com/internal/ecl/staging/repo.go:600.2,600.35 1 2
blips-ifrs9.tugu-re.com/internal/ecl/staging/repo.go:600.35,602.3 1 0
blips-ifrs9.tugu-re.com/internal/ecl/staging/repo.go:605.2,606.34 2 2
blips-ifrs9.tugu-re.com/internal/ecl/staging/repo.go:606.34,608.17 2 1
blips-ifrs9.tugu-re.com/internal/ecl/staging/repo.go:608.17,609.12 1 1
blips-ifrs9.tugu-re.com/internal/ecl/staging/repo.go:611.3,611.47 1 0
blips-ifrs9.tugu-re.com/internal/ecl/staging/repo.go:611.47,613.4 1 0
blips-ifrs9.tugu-re.com/internal/ecl/staging/repo.go:615.2,615.23 1 2
blips-ifrs9.tugu-re.com/internal/ecl/staging/repo.go:626.80,627.15 1 21
blips-ifrs9.tugu-re.com/internal/ecl/staging/repo.go:627.15,629.3 1 8
blips-ifrs9.tugu-re.com/internal/ecl/staging/repo.go:630.2,630.46 1 13
blips-ifrs9.tugu-re.com/internal/ecl/staging/repo.go:633.86,634.17 1 5
blips-ifrs9.tugu-re.com/internal/ecl/staging/repo.go:634.17,636.3 1 0
blips-ifrs9.tugu-re.com/internal/ecl/staging/repo.go:637.2,637.31 1 5
blips-ifrs9.tugu-re.com/internal/ecl/staging/repo.go:640.131,641.17 1 2
blips-ifrs9.tugu-re.com/internal/ecl/staging/repo.go:641.17,644.3 2 1
blips-ifrs9.tugu-re.com/internal/ecl/staging/repo.go:645.2,654.25 2 1
blips-ifrs9.tugu-re.com/internal/ecl/staging/repo.go:654.25,656.3 1 1
blips-ifrs9.tugu-re.com/internal/ecl/staging/repo.go:657.2,665.16 2 1
blips-ifrs9.tugu-re.com/internal/ecl/staging/repo.go:665.16,667.3 1 1
blips-ifrs9.tugu-re.com/internal/ecl/staging/repo.go:668.2,668.18 1 0
blips-ifrs9.tugu-re.com/internal/ecl/staging/repo.go:671.131,672.17 1 6
blips-ifrs9.tugu-re.com/internal/ecl/staging/repo.go:672.17,674.3 1 1
blips-ifrs9.tugu-re.com/internal/ecl/staging/repo.go:675.2,676.21 2 5
blips-ifrs9.tugu-re.com/internal/ecl/staging/repo.go:676.21,678.3 1 5
blips-ifrs9.tugu-re.com/internal/ecl/staging/repo.go:679.2,705.26 6 5
blips-ifrs9.tugu-re.com/internal/ecl/staging/repo.go:705.26,707.3 1 1
blips-ifrs9.tugu-re.com/internal/ecl/staging/repo.go:708.2,708.16 1 4
blips-ifrs9.tugu-re.com/internal/ecl/staging/repo.go:708.16,710.3 1 4
blips-ifrs9.tugu-re.com/internal/ecl/staging/repo.go:711.2,714.17 4 0
blips-ifrs9.tugu-re.com/internal/ecl/staging/repo.go:714.17,717.3 2 0
blips-ifrs9.tugu-re.com/internal/ecl/staging/repo.go:718.2,718.16 1 0
blips-ifrs9.tugu-re.com/internal/ecl/staging/repo.go:722.114,723.17 1 2
blips-ifrs9.tugu-re.com/internal/ecl/staging/repo.go:723.17,725.3 1 1
blips-ifrs9.tugu-re.com/internal/ecl/staging/repo.go:726.2,732.16 3 1
blips-ifrs9.tugu-re.com/internal/ecl/staging/repo.go:732.16,734.3 1 0
blips-ifrs9.tugu-re.com/internal/ecl/staging/repo.go:735.2,735.12 1 1
blips-ifrs9.tugu-re.com/internal/ecl/staging/repo.go:738.157,739.17 1 2
blips-ifrs9.tugu-re.com/internal/ecl/staging/repo.go:739.17,741.3 1 1
blips-ifrs9.tugu-re.com/internal/ecl/staging/repo.go:742.2,751.16 3 1
blips-ifrs9.tugu-re.com/internal/ecl/staging/repo.go:751.16,753.3 1 0
blips-ifrs9.tugu-re.com/internal/ecl/staging/repo.go:754.2,754.12 1 1
blips-ifrs9.tugu-re.com/internal/ecl/staging/repo.go:757.136,758.17 1 3
blips-ifrs9.tugu-re.com/internal/ecl/staging/repo.go:758.17,760.3 1 1
blips-ifrs9.tugu-re.com/internal/ecl/staging/repo.go:761.2,767.16 3 2
blips-ifrs9.tugu-re.com/internal/ecl/staging/repo.go:767.16,769.3 1 0
blips-ifrs9.tugu-re.com/internal/ecl/staging/repo.go:770.2,773.18 3 2
blips-ifrs9.tugu-re.com/internal/ecl/staging/repo.go:773.18,775.40 2 1
blips-ifrs9.tugu-re.com/internal/ecl/staging/repo.go:775.40,777.4 1 0
blips-ifrs9.tugu-re.com/internal/ecl/staging/repo.go:779.3,780.17 2 1
blips-ifrs9.tugu-re.com/internal/ecl/staging/repo.go:780.17,781.12 1 1
blips-ifrs9.tugu-re.com/internal/ecl/staging/repo.go:783.3,783.27 1 0
blips-ifrs9.tugu-re.com/internal/ecl/staging/repo.go:785.2,785.26 1 2
blips-ifrs9.tugu-re.com/internal/ecl/staging/repo.go:788.168,789.17 1 3
blips-ifrs9.tugu-re.com/internal/ecl/staging/repo.go:789.17,791.3 1 1
blips-ifrs9.tugu-re.com/internal/ecl/staging/repo.go:792.2,797.18 5 2
blips-ifrs9.tugu-re.com/internal/ecl/staging/repo.go:797.18,799.33 2 0
blips-ifrs9.tugu-re.com/internal/ecl/staging/repo.go:799.33,803.4 3 0
blips-ifrs9.tugu-re.com/internal/ecl/staging/repo.go:806.2,807.19 2 2
blips-ifrs9.tugu-re.com/internal/ecl/staging/repo.go:807.19,809.3 1 2
blips-ifrs9.tugu-re.com/internal/ecl/staging/repo.go:810.2,818.16 4 2
blips-ifrs9.tugu-re.com/internal/ecl/staging/repo.go:818.16,820.3 1 0
blips-ifrs9.tugu-re.com/internal/ecl/staging/repo.go:821.2,824.18 3 2
blips-ifrs9.tugu-re.com/internal/ecl/staging/repo.go:824.18,826.40 2 1
blips-ifrs9.tugu-re.com/internal/ecl/staging/repo.go:826.40,828.4 1 0
blips-ifrs9.tugu-re.com/internal/ecl/staging/repo.go:829.3,830.17 2 1
blips-ifrs9.tugu-re.com/internal/ecl/staging/repo.go:830.17,831.12 1 1
blips-ifrs9.tugu-re.com/internal/ecl/staging/repo.go:833.3,833.27 1 0
blips-ifrs9.tugu-re.com/internal/ecl/staging/repo.go:835.2,835.35 1 2
blips-ifrs9.tugu-re.com/internal/ecl/staging/repo.go:835.35,837.3 1 0
blips-ifrs9.tugu-re.com/internal/ecl/staging/repo.go:839.2,840.13 2 2
blips-ifrs9.tugu-re.com/internal/ecl/staging/repo.go:840.13,842.3 1 0
blips-ifrs9.tugu-re.com/internal/ecl/staging/repo.go:843.2,844.31 2 2
blips-ifrs9.tugu-re.com/internal/ecl/staging/repo.go:844.31,848.3 3 0
blips-ifrs9.tugu-re.com/internal/ecl/staging/repo.go:849.2,854.24 2 2
blips-ifrs9.tugu-re.com/internal/ecl/staging/repo.go:857.125,858.17 1 3
blips-ifrs9.tugu-re.com/internal/ecl/staging/repo.go:858.17,860.3 1 1
blips-ifrs9.tugu-re.com/internal/ecl/staging/repo.go:861.2,867.16 3 2
blips-ifrs9.tugu-re.com/internal/ecl/staging/repo.go:867.16,869.3 1 0
blips-ifrs9.tugu-re.com/internal/ecl/staging/repo.go:870.2,873.18 3 2
blips-ifrs9.tugu-re.com/internal/ecl/staging/repo.go:873.18,875.40 2 1
blips-ifrs9.tugu-re.com/internal/ecl/staging/repo.go:875.40,877.4 1 0
blips-ifrs9.tugu-re.com/internal/ecl/staging/repo.go:878.3,879.17 2 1
blips-ifrs9.tugu-re.com/internal/ecl/staging/repo.go:879.17,880.12 1 1
blips-ifrs9.tugu-re.com/internal/ecl/staging/repo.go:882.3,882.27 1 0
blips-ifrs9.tugu-re.com/internal/ecl/staging/repo.go:884.2,884.26 1 2
blips-ifrs9.tugu-re.com/internal/ecl/staging/repo.go:887.124,888.17 1 2
blips-ifrs9.tugu-re.com/internal/ecl/staging/repo.go:888.17,890.3 1 1
blips-ifrs9.tugu-re.com/internal/ecl/staging/repo.go:891.2,896.16 3 1
blips-ifrs9.tugu-re.com/internal/ecl/staging/repo.go:896.16,898.3 1 0
blips-ifrs9.tugu-re.com/internal/ecl/staging/repo.go:899.2,899.12 1 1
blips-ifrs9.tugu-re.com/internal/ecl/staging/repo.go:905.41,907.26 2 6
blips-ifrs9.tugu-re.com/internal/ecl/staging/repo.go:907.26,909.14 2 18
blips-ifrs9.tugu-re.com/internal/ecl/staging/repo.go:909.14,911.4 1 6
blips-ifrs9.tugu-re.com/internal/ecl/staging/repo.go:913.2,913.21 1 6
blips-ifrs9.tugu-re.com/internal/ecl/staging/repo.go:913.21,915.3 1 0
blips-ifrs9.tugu-re.com/internal/ecl/staging/repo.go:916.2,916.37 1 6
blips-ifrs9.tugu-re.com/internal/ecl/staging/routes.go:32.84,40.2 4 1
blips-ifrs9.tugu-re.com/internal/ecl/staging/routes.go:40.2,48.3 5 1
blips-ifrs9.tugu-re.com/internal/ecl/staging/routes.go:51.2,52.2 2 1
blips-ifrs9.tugu-re.com/internal/ecl/staging/routes.go:52.2,58.3 5 1
blips-ifrs9.tugu-re.com/internal/ecl/staging/routes.go:61.2,62.2 2 1
blips-ifrs9.tugu-re.com/internal/ecl/staging/routes.go:62.2,65.3 2 1
blips-ifrs9.tugu-re.com/internal/ecl/staging/service.go:38.71,39.15 1 27
blips-ifrs9.tugu-re.com/internal/ecl/staging/service.go:39.15,41.3 1 0
blips-ifrs9.tugu-re.com/internal/ecl/staging/service.go:42.2,42.62 1 27
blips-ifrs9.tugu-re.com/internal/ecl/staging/service.go:42.62,44.3 1 0
blips-ifrs9.tugu-re.com/internal/ecl/staging/service.go:48.59,49.39 1 57
blips-ifrs9.tugu-re.com/internal/ecl/staging/service.go:49.39,51.3 1 4
blips-ifrs9.tugu-re.com/internal/ecl/staging/service.go:52.2,53.16 2 53
blips-ifrs9.tugu-re.com/internal/ecl/staging/service.go:53.16,55.3 1 0
blips-ifrs9.tugu-re.com/internal/ecl/staging/service.go:56.2,56.16 1 53
blips-ifrs9.tugu-re.com/internal/ecl/staging/service.go:60.51,61.44 1 36
blips-ifrs9.tugu-re.com/internal/ecl/staging/service.go:61.44,63.3 1 0
blips-ifrs9.tugu-re.com/internal/ecl/staging/service.go:64.2,64.24 1 36
blips-ifrs9.tugu-re.com/internal/ecl/staging/service.go:128.12,129.19 1 117
blips-ifrs9.tugu-re.com/internal/ecl/staging/service.go:129.19,131.3 1 1
blips-ifrs9.tugu-re.com/internal/ecl/staging/service.go:132.2,140.3 1 117
blips-ifrs9.tugu-re.com/internal/ecl/staging/service.go:158.161,161.16 3 18
blips-ifrs9.tugu-re.com/internal/ecl/staging/service.go:161.16,163.3 1 1
blips-ifrs9.tugu-re.com/internal/ecl/staging/service.go:164.2,167.16 3 17
blips-ifrs9.tugu-re.com/internal/ecl/staging/service.go:167.16,169.3 1 1
blips-ifrs9.tugu-re.com/internal/ecl/staging/service.go:172.2,172.44 1 16
blips-ifrs9.tugu-re.com/internal/ecl/staging/service.go:172.44,178.3 1 1
blips-ifrs9.tugu-re.com/internal/ecl/staging/service.go:181.2,182.16 2 15
blips-ifrs9.tugu-re.com/internal/ecl/staging/service.go:182.16,184.3 1 0
blips-ifrs9.tugu-re.com/internal/ecl/staging/service.go:186.2,187.16 2 15
blips-ifrs9.tugu-re.com/internal/ecl/staging/service.go:187.16,189.3 1 1
blips-ifrs9.tugu-re.com/internal/ecl/staging/service.go:192.2,192.28 1 15
blips-ifrs9.tugu-re.com/internal/ecl/staging/service.go:192.28,200.3 1 1
blips-ifrs9.tugu-re.com/internal/ecl/staging/service.go:203.2,205.39 3 14
blips-ifrs9.tugu-re.com/internal/ecl/staging/service.go:205.39,207.3 1 3
blips-ifrs9.tugu-re.com/internal/ecl/staging/service.go:210.2,213.20 4 14
blips-ifrs9.tugu-re.com/internal/ecl/staging/service.go:213.20,215.23 2 14
blips-ifrs9.tugu-re.com/internal/ecl/staging/service.go:215.23,218.4 1 0
blips-ifrs9.tugu-re.com/internal/ecl/staging/service.go:219.3,219.19 1 14
blips-ifrs9.tugu-re.com/internal/ecl/staging/service.go:221.2,222.23 2 14
blips-ifrs9.tugu-re.com/internal/ecl/staging/service.go:222.23,225.3 1 0
blips-ifrs9.tugu-re.com/internal/ecl/staging/service.go:226.2,242.14 5 14
blips-ifrs9.tugu-re.com/internal/ecl/staging/service.go:242.14,250.3 1 5
blips-ifrs9.tugu-re.com/internal/ecl/staging/service.go:253.2,254.9 2 9
blips-ifrs9.tugu-re.com/internal/ecl/staging/service.go:254.9,256.3 1 0
blips-ifrs9.tugu-re.com/internal/ecl/staging/service.go:257.2,258.16 2 9
blips-ifrs9.tugu-re.com/internal/ecl/staging/service.go:258.16,260.3 1 0
blips-ifrs9.tugu-re.com/internal/ecl/staging/service.go:261.2,268.20 5 9
blips-ifrs9.tugu-re.com/internal/ecl/staging/service.go:268.20,271.3 1 1
blips-ifrs9.tugu-re.com/internal/ecl/staging/service.go:273.2,291.43 2 9
blips-ifrs9.tugu-re.com/internal/ecl/staging/service.go:291.43,294.3 2 0
blips-ifrs9.tugu-re.com/internal/ecl/staging/service.go:296.2,296.43 1 9
blips-ifrs9.tugu-re.com/internal/ecl/staging/service.go:296.43,298.3 1 8
blips-ifrs9.tugu-re.com/internal/ecl/staging/service.go:300.2,301.16 2 9
blips-ifrs9.tugu-re.com/internal/ecl/staging/service.go:301.16,302.25 1 2
blips-ifrs9.tugu-re.com/internal/ecl/staging/service.go:302.25,312.4 3 2
blips-ifrs9.tugu-re.com/internal/ecl/staging/service.go:313.3,313.84 1 0
blips-ifrs9.tugu-re.com/internal/ecl/staging/service.go:315.2,324.17 2 7
blips-ifrs9.tugu-re.com/internal/ecl/staging/service.go:324.17,326.3 1 0
blips-ifrs9.tugu-re.com/internal/ecl/staging/service.go:329.2,329.20 1 7
blips-ifrs9.tugu-re.com/internal/ecl/staging/service.go:329.20,347.39 3 1
blips-ifrs9.tugu-re.com/internal/ecl/staging/service.go:347.39,349.4 1 0
blips-ifrs9.tugu-re.com/internal/ecl/staging/service.go:350.3,350.23 1 1
blips-ifrs9.tugu-re.com/internal/ecl/staging/service.go:350.23,359.19 2 1
blips-ifrs9.tugu-re.com/internal/ecl/staging/service.go:359.19,361.5 1 0
blips-ifrs9.tugu-re.com/internal/ecl/staging/service.go:365.2,365.36 1 7
blips-ifrs9.tugu-re.com/internal/ecl/staging/service.go:365.36,367.3 1 0
blips-ifrs9.tugu-re.com/internal/ecl/staging/service.go:369.2,375.8 1 7
blips-ifrs9.tugu-re.com/internal/ecl/staging/service.go:382.158,385.16 3 4
blips-ifrs9.tugu-re.com/internal/ecl/staging/service.go:385.16,387.3 1 2
blips-ifrs9.tugu-re.com/internal/ecl/staging/service.go:388.2,409.16 5 2
blips-ifrs9.tugu-re.com/internal/ecl/staging/service.go:409.16,411.3 1 0
blips-ifrs9.tugu-re.com/internal/ecl/staging/service.go:412.2,415.16 3 2
blips-ifrs9.tugu-re.com/internal/ecl/staging/service.go:415.16,417.3 1 0
blips-ifrs9.tugu-re.com/internal/ecl/staging/service.go:419.2,426.17 1 2
blips-ifrs9.tugu-re.com/internal/ecl/staging/service.go:426.17,428.3 1 0
blips-ifrs9.tugu-re.com/internal/ecl/staging/service.go:430.2,430.36 1 2
blips-ifrs9.tugu-re.com/internal/ecl/staging/service.go:430.36,432.3 1 0
blips-ifrs9.tugu-re.com/internal/ecl/staging/service.go:433.2,433.19 1 2
blips-ifrs9.tugu-re.com/internal/ecl/staging/service.go:440.101,442.16 2 5
blips-ifrs9.tugu-re.com/internal/ecl/staging/service.go:442.16,444.3 1 0
blips-ifrs9.tugu-re.com/internal/ecl/staging/service.go:446.2,447.18 2 5
blips-ifrs9.tugu-re.com/internal/ecl/staging/service.go:447.18,455.3 7 1
blips-ifrs9.tugu-re.com/internal/ecl/staging/service.go:456.2,456.16 1 5
blips-ifrs9.tugu-re.com/internal/ecl/staging/service.go:462.168,463.31 1 5
blips-ifrs9.tugu-re.com/internal/ecl/staging/service.go:463.31,465.3 1 2
blips-ifrs9.tugu-re.com/internal/ecl/staging/service.go:466.2,466.74 1 5
blips-ifrs9.tugu-re.com/internal/ecl/staging/service.go:481.98,484.16 3 9
blips-ifrs9.tugu-re.com/internal/ecl/staging/service.go:484.16,486.3 1 1
blips-ifrs9.tugu-re.com/internal/ecl/staging/service.go:487.2,490.16 3 8
blips-ifrs9.tugu-re.com/internal/ecl/staging/service.go:490.16,492.3 1 0
blips-ifrs9.tugu-re.com/internal/ecl/staging/service.go:493.2,493.50 1 8
blips-ifrs9.tugu-re.com/internal/ecl/staging/service.go:493.50,495.3 1 1
blips-ifrs9.tugu-re.com/internal/ecl/staging/service.go:497.2,498.16 2 7
blips-ifrs9.tugu-re.com/internal/ecl/staging/service.go:498.16,500.3 1 0
blips-ifrs9.tugu-re.com/internal/ecl/staging/service.go:501.2,501.21 1 7
blips-ifrs9.tugu-re.com/internal/ecl/staging/service.go:501.21,503.3 1 1
blips-ifrs9.tugu-re.com/internal/ecl/staging/service.go:505.2,506.16 2 6
blips-ifrs9.tugu-re.com/internal/ecl/staging/service.go:506.16,508.3 1 0
blips-ifrs9.tugu-re.com/internal/ecl/staging/service.go:509.2,509.28 1 6
blips-ifrs9.tugu-re.com/internal/ecl/staging/service.go:509.28,511.3 1 2
blips-ifrs9.tugu-re.com/internal/ecl/staging/service.go:513.2,514.27 2 4
blips-ifrs9.tugu-re.com/internal/ecl/staging/service.go:514.27,518.17 3 10
blips-ifrs9.tugu-re.com/internal/ecl/staging/service.go:518.17,520.4 1 0
blips-ifrs9.tugu-re.com/internal/ecl/staging/service.go:521.3,521.19 1 10
blips-ifrs9.tugu-re.com/internal/ecl/staging/service.go:521.19,523.4 1 1
blips-ifrs9.tugu-re.com/internal/ecl/staging/service.go:525.3,526.17 2 9
blips-ifrs9.tugu-re.com/internal/ecl/staging/service.go:526.17,528.4 1 0
blips-ifrs9.tugu-re.com/internal/ecl/staging/service.go:529.3,529.14 1 9
blips-ifrs9.tugu-re.com/internal/ecl/staging/service.go:529.14,531.4 1 0
blips-ifrs9.tugu-re.com/internal/ecl/staging/service.go:535.2,551.9 4 3
blips-ifrs9.tugu-re.com/internal/ecl/staging/service.go:551.9,553.3 1 0
blips-ifrs9.tugu-re.com/internal/ecl/staging/service.go:554.2,555.16 2 3
blips-ifrs9.tugu-re.com/internal/ecl/staging/service.go:555.16,557.3 1 0
blips-ifrs9.tugu-re.com/internal/ecl/staging/service.go:558.2,561.16 3 3
blips-ifrs9.tugu-re.com/internal/ecl/staging/service.go:561.16,562.25 1 0
blips-ifrs9.tugu-re.com/internal/ecl/staging/service.go:562.25,565.4 2 0
blips-ifrs9.tugu-re.com/internal/ecl/staging/service.go:566.3,566.66 1 0
blips-ifrs9.tugu-re.com/internal/ecl/staging/service.go:569.2,576.17 1 3
blips-ifrs9.tugu-re.com/internal/ecl/staging/service.go:576.17,578.3 1 0
blips-ifrs9.tugu-re.com/internal/ecl/staging/service.go:580.2,580.36 1 3
blips-ifrs9.tugu-re.com/internal/ecl/staging/service.go:580.36,582.3 1 0
blips-ifrs9.tugu-re.com/internal/ecl/staging/service.go:583.2,583.18 1 3
blips-ifrs9.tugu-re.com/internal/ecl/staging/service.go:594.109,597.16 3 6
blips-ifrs9.tugu-re.com/internal/ecl/staging/service.go:597.16,599.3 1 0
blips-ifrs9.tugu-re.com/internal/ecl/staging/service.go:600.2,604.16 3 6
blips-ifrs9.tugu-re.com/internal/ecl/staging/service.go:604.16,606.3 1 0
blips-ifrs9.tugu-re.com/internal/ecl/staging/service.go:607.2,608.16 2 6
blips-ifrs9.tugu-re.com/internal/ecl/staging/service.go:608.16,610.3 1 5
blips-ifrs9.tugu-re.com/internal/ecl/staging/service.go:612.2,615.71 3 6
blips-ifrs9.tugu-re.com/internal/ecl/staging/service.go:615.71,617.3 1 1
blips-ifrs9.tugu-re.com/internal/ecl/staging/service.go:620.2,621.16 2 5
blips-ifrs9.tugu-re.com/internal/ecl/staging/service.go:621.16,623.3 1 0
blips-ifrs9.tugu-re.com/internal/ecl/staging/service.go:624.2,624.21 1 5
blips-ifrs9.tugu-re.com/internal/ecl/staging/service.go:624.21,627.3 1 0
blips-ifrs9.tugu-re.com/internal/ecl/staging/service.go:629.2,637.16 3 5
blips-ifrs9.tugu-re.com/internal/ecl/staging/service.go:637.16,638.25 1 1
blips-ifrs9.tugu-re.com/internal/ecl/staging/service.go:638.25,641.4 1 1
blips-ifrs9.tugu-re.com/internal/ecl/staging/service.go:642.3,642.81 1 0
blips-ifrs9.tugu-re.com/internal/ecl/staging/service.go:645.2,667.16 3 4
blips-ifrs9.tugu-re.com/internal/ecl/staging/service.go:667.16,669.3 1 0
blips-ifrs9.tugu-re.com/internal/ecl/staging/service.go:670.2,673.16 3 4
blips-ifrs9.tugu-re.com/internal/ecl/staging/service.go:673.16,675.3 1 0
blips-ifrs9.tugu-re.com/internal/ecl/staging/service.go:677.2,684.17 1 4
blips-ifrs9.tugu-re.com/internal/ecl/staging/service.go:684.17,686.3 1 0
blips-ifrs9.tugu-re.com/internal/ecl/staging/service.go:688.2,688.36 1 4
blips-ifrs9.tugu-re.com/internal/ecl/staging/service.go:688.36,690.3 1 0
blips-ifrs9.tugu-re.com/internal/ecl/staging/service.go:691.2,691.19 1 4
blips-ifrs9.tugu-re.com/internal/ecl/staging/service.go:698.131,701.16 3 6
blips-ifrs9.tugu-re.com/internal/ecl/staging/service.go:701.16,703.3 1 0
blips-ifrs9.tugu-re.com/internal/ecl/staging/service.go:705.2,706.16 2 6
blips-ifrs9.tugu-re.com/internal/ecl/staging/service.go:706.16,708.3 1 0
blips-ifrs9.tugu-re.com/internal/ecl/staging/service.go:709.2,709.56 1 6
blips-ifrs9.tugu-re.com/internal/ecl/staging/service.go:709.56,712.3 1 1
blips-ifrs9.tugu-re.com/internal/ecl/staging/service.go:713.2,713.29 1 5
blips-ifrs9.tugu-re.com/internal/ecl/staging/service.go:713.29,715.3 1 3
blips-ifrs9.tugu-re.com/internal/ecl/staging/service.go:717.2,719.24 3 2
blips-ifrs9.tugu-re.com/internal/ecl/staging/service.go:719.24,721.3 1 0
blips-ifrs9.tugu-re.com/internal/ecl/staging/service.go:722.2,725.16 3 2
blips-ifrs9.tugu-re.com/internal/ecl/staging/service.go:725.16,727.3 1 0
blips-ifrs9.tugu-re.com/internal/ecl/staging/service.go:728.2,741.16 3 2
blips-ifrs9.tugu-re.com/internal/ecl/staging/service.go:741.16,743.3 1 0
blips-ifrs9.tugu-re.com/internal/ecl/staging/service.go:745.2,753.17 1 2
blips-ifrs9.tugu-re.com/internal/ecl/staging/service.go:753.17,755.3 1 0
blips-ifrs9.tugu-re.com/internal/ecl/staging/service.go:757.2,757.36 1 2
blips-ifrs9.tugu-re.com/internal/ecl/staging/service.go:757.36,759.3 1 0
blips-ifrs9.tugu-re.com/internal/ecl/staging/service.go:760.2,760.55 1 2
blips-ifrs9.tugu-re.com/internal/ecl/staging/service.go:769.128,772.16 3 6
blips-ifrs9.tugu-re.com/internal/ecl/staging/service.go:772.16,774.3 1 0
blips-ifrs9.tugu-re.com/internal/ecl/staging/service.go:777.2,777.26 1 6
blips-ifrs9.tugu-re.com/internal/ecl/staging/service.go:777.26,779.3 1 2
blips-ifrs9.tugu-re.com/internal/ecl/staging/service.go:781.2,782.16 2 4
blips-ifrs9.tugu-re.com/internal/ecl/staging/service.go:782.16,784.3 1 0
blips-ifrs9.tugu-re.com/internal/ecl/staging/service.go:785.2,785.58 1 4
blips-ifrs9.tugu-re.com/internal/ecl/staging/service.go:785.58,788.3 1 0
blips-ifrs9.tugu-re.com/internal/ecl/staging/service.go:789.2,789.29 1 4
blips-ifrs9.tugu-re.com/internal/ecl/staging/service.go:789.29,791.3 1 1
blips-ifrs9.tugu-re.com/internal/ecl/staging/service.go:792.2,792.59 1 3
blips-ifrs9.tugu-re.com/internal/ecl/staging/service.go:792.59,794.3 1 1
blips-ifrs9.tugu-re.com/internal/ecl/staging/service.go:796.2,798.24 3 2
blips-ifrs9.tugu-re.com/internal/ecl/staging/service.go:798.24,800.3 1 0
blips-ifrs9.tugu-re.com/internal/ecl/staging/service.go:801.2,805.10 4 2
blips-ifrs9.tugu-re.com/internal/ecl/staging/service.go:805.10,807.3 1 2
blips-ifrs9.tugu-re.com/internal/ecl/staging/service.go:809.2,810.16 2 2
blips-ifrs9.tugu-re.com/internal/ecl/staging/service.go:810.16,812.3 1 0
blips-ifrs9.tugu-re.com/internal/ecl/staging/service.go:813.2,826.16 3 2
blips-ifrs9.tugu-re.com/internal/ecl/staging/service.go:826.16,828.3 1 0
blips-ifrs9.tugu-re.com/internal/ecl/staging/service.go:830.2,838.17 1 2
blips-ifrs9.tugu-re.com/internal/ecl/staging/service.go:838.17,840.3 1 0
blips-ifrs9.tugu-re.com/internal/ecl/staging/service.go:843.2,843.10 1 2
blips-ifrs9.tugu-re.com/internal/ecl/staging/service.go:843.10,845.17 2 2
blips-ifrs9.tugu-re.com/internal/ecl/staging/service.go:845.17,847.4 1 0
blips-ifrs9.tugu-re.com/internal/ecl/staging/service.go:848.3,848.101 1 2
blips-ifrs9.tugu-re.com/internal/ecl/staging/service.go:848.101,850.4 1 0
blips-ifrs9.tugu-re.com/internal/ecl/staging/service.go:853.2,853.36 1 2
blips-ifrs9.tugu-re.com/internal/ecl/staging/service.go:853.36,855.3 1 0
blips-ifrs9.tugu-re.com/internal/ecl/staging/service.go:856.2,856.55 1 2
blips-ifrs9.tugu-re.com/internal/ecl/staging/service.go:864.130,867.16 3 5
blips-ifrs9.tugu-re.com/internal/ecl/staging/service.go:867.16,869.3 1 0
blips-ifrs9.tugu-re.com/internal/ecl/staging/service.go:872.2,872.26 1 5
blips-ifrs9.tugu-re.com/internal/ecl/staging/service.go:872.26,874.3 1 1
blips-ifrs9.tugu-re.com/internal/ecl/staging/service.go:876.2,877.16 2 4
blips-ifrs9.tugu-re.com/internal/ecl/staging/service.go:877.16,879.3 1 0
blips-ifrs9.tugu-re.com/internal/ecl/staging/service.go:880.2,880.55 1 4
blips-ifrs9.tugu-re.com/internal/ecl/staging/service.go:880.55,883.3 1 2
blips-ifrs9.tugu-re.com/internal/ecl/staging/service.go:884.2,884.21 1 2
blips-ifrs9.tugu-re.com/internal/ecl/staging/service.go:884.21,887.3 1 1
blips-ifrs9.tugu-re.com/internal/ecl/staging/service.go:888.2,888.29 1 1
blips-ifrs9.tugu-re.com/internal/ecl/staging/service.go:888.29,890.3 1 0
blips-ifrs9.tugu-re.com/internal/ecl/staging/service.go:891.2,891.59 1 1
blips-ifrs9.tugu-re.com/internal/ecl/staging/service.go:891.59,893.3 1 0
blips-ifrs9.tugu-re.com/internal/ecl/staging/service.go:894.2,894.67 1 1
blips-ifrs9.tugu-re.com/internal/ecl/staging/service.go:894.67,896.3 1 0
blips-ifrs9.tugu-re.com/internal/ecl/staging/service.go:898.2,900.24 3 1
blips-ifrs9.tugu-re.com/internal/ecl/staging/service.go:900.24,902.3 1 0
blips-ifrs9.tugu-re.com/internal/ecl/staging/service.go:903.2,906.16 3 1
blips-ifrs9.tugu-re.com/internal/ecl/staging/service.go:906.16,908.3 1 0
blips-ifrs9.tugu-re.com/internal/ecl/staging/service.go:909.2,922.16 3 1
blips-ifrs9.tugu-re.com/internal/ecl/staging/service.go:922.16,924.3 1 0
blips-ifrs9.tugu-re.com/internal/ecl/staging/service.go:926.2,934.17 1 1
blips-ifrs9.tugu-re.com/internal/ecl/staging/service.go:934.17,936.3 1 0
blips-ifrs9.tugu-re.com/internal/ecl/staging/service.go:938.2,939.16 2 1
blips-ifrs9.tugu-re.com/internal/ecl/staging/service.go:939.16,941.3 1 0
blips-ifrs9.tugu-re.com/internal/ecl/staging/service.go:942.2,942.100 1 1
blips-ifrs9.tugu-re.com/internal/ecl/staging/service.go:942.100,944.3 1 0
blips-ifrs9.tugu-re.com/internal/ecl/staging/service.go:946.2,946.36 1 1
blips-ifrs9.tugu-re.com/internal/ecl/staging/service.go:946.36,948.3 1 0
blips-ifrs9.tugu-re.com/internal/ecl/staging/service.go:949.2,949.55 1 1
blips-ifrs9.tugu-re.com/internal/ecl/staging/service.go:956.131,959.16 3 3
blips-ifrs9.tugu-re.com/internal/ecl/staging/service.go:959.16,961.3 1 0
blips-ifrs9.tugu-re.com/internal/ecl/staging/service.go:963.2,964.16 2 3
blips-ifrs9.tugu-re.com/internal/ecl/staging/service.go:964.16,966.3 1 0
blips-ifrs9.tugu-re.com/internal/ecl/staging/service.go:968.2,968.29 1 3
blips-ifrs9.tugu-re.com/internal/ecl/staging/service.go:969.94,969.94 0 3
blips-ifrs9.tugu-re.com/internal/ecl/staging/service.go:971.10,973.69 1 0
blips-ifrs9.tugu-re.com/internal/ecl/staging/service.go:976.2,976.29 1 3
blips-ifrs9.tugu-re.com/internal/ecl/staging/service.go:976.29,978.3 1 1
blips-ifrs9.tugu-re.com/internal/ecl/staging/service.go:980.2,981.16 2 2
blips-ifrs9.tugu-re.com/internal/ecl/staging/service.go:981.16,983.3 1 0
blips-ifrs9.tugu-re.com/internal/ecl/staging/service.go:984.2,994.16 3 2
blips-ifrs9.tugu-re.com/internal/ecl/staging/service.go:994.16,996.3 1 0
blips-ifrs9.tugu-re.com/internal/ecl/staging/service.go:998.2,1006.17 1 2
blips-ifrs9.tugu-re.com/internal/ecl/staging/service.go:1006.17,1008.3 1 0
blips-ifrs9.tugu-re.com/internal/ecl/staging/service.go:1010.2,1010.36 1 2
blips-ifrs9.tugu-re.com/internal/ecl/staging/service.go:1010.36,1012.3 1 0
blips-ifrs9.tugu-re.com/internal/ecl/staging/service.go:1013.2,1013.55 1 2
blips-ifrs9.tugu-re.com/internal/ecl/staging/service.go:1019.93,1021.16 2 2
blips-ifrs9.tugu-re.com/internal/ecl/staging/service.go:1021.16,1022.25 1 1
blips-ifrs9.tugu-re.com/internal/ecl/staging/service.go:1022.25,1024.4 1 1
blips-ifrs9.tugu-re.com/internal/ecl/staging/service.go:1025.3,1025.57 1 0
blips-ifrs9.tugu-re.com/internal/ecl/staging/service.go:1027.2,1027.18 1 1
blips-ifrs9.tugu-re.com/internal/ecl/staging/service.go:1031.147,1032.31 1 5
blips-ifrs9.tugu-re.com/internal/ecl/staging/service.go:1032.31,1034.3 1 2
blips-ifrs9.tugu-re.com/internal/ecl/staging/service.go:1035.2,1035.60 1 5
blips-ifrs9.tugu-re.com/internal/ecl/staging/service.go:1039.163,1040.31 1 5
blips-ifrs9.tugu-re.com/internal/ecl/staging/service.go:1040.31,1042.3 1 2
blips-ifrs9.tugu-re.com/internal/ecl/staging/service.go:1043.2,1043.62 1 5
blips-ifrs9.tugu-re.com/internal/ecl/staging/service.go:1050.148,1069.16 4 3
blips-ifrs9.tugu-re.com/internal/ecl/staging/service.go:1069.16,1071.3 1 0
blips-ifrs9.tugu-re.com/internal/ecl/staging/service.go:1073.2,1079.17 1 3
blips-ifrs9.tugu-re.com/internal/ecl/staging/service.go:1079.17,1081.3 1 0
blips-ifrs9.tugu-re.com/internal/ecl/staging/service.go:1083.2,1083.25 1 3
blips-ifrs9.tugu-re.com/internal/ecl/staging/service.go:1088.55,1094.27 3 6
blips-ifrs9.tugu-re.com/internal/ecl/staging/service.go:1094.27,1096.3 1 1
blips-ifrs9.tugu-re.com/internal/ecl/staging/service.go:1097.2,1097.12 1 5
blips-ifrs9.tugu-re.com/internal/ecl/staging/service.go:1101.46,1103.2 1 10
blips-ifrs9.tugu-re.com/internal/ecl/staging/service.go:1106.45,1107.45 1 24
blips-ifrs9.tugu-re.com/internal/ecl/staging/service.go:1107.45,1109.3 1 1
blips-ifrs9.tugu-re.com/internal/ecl/staging/service.go:1110.2,1110.24 1 23
blips-ifrs9.tugu-re.com/internal/ecl/staging/service.go:1114.38,1115.13 1 10
blips-ifrs9.tugu-re.com/internal/ecl/staging/service.go:1115.13,1117.3 1 3
blips-ifrs9.tugu-re.com/internal/ecl/staging/service.go:1118.2,1118.11 1 7
blips-ifrs9.tugu-re.com/internal/ecl/staging/service.go:1123.64,1133.18 2 14
blips-ifrs9.tugu-re.com/internal/ecl/staging/service.go:1133.18,1135.3 1 8
blips-ifrs9.tugu-re.com/internal/ecl/staging/service.go:1136.2,1136.32 1 14
blips-ifrs9.tugu-re.com/internal/ecl/staging/service.go:1136.32,1138.3 1 6
blips-ifrs9.tugu-re.com/internal/ecl/staging/service.go:1139.2,1139.10 1 14
blips-ifrs9.tugu-re.com/internal/ecl/staging/service.go:1142.47,1150.2 1 2
blips-ifrs9.tugu-re.com/internal/ecl/staging/service.go:1152.59,1162.2 2 4
blips-ifrs9.tugu-re.com/internal/ecl/staging/worker_tasks.go:69.76,71.16 2 2
blips-ifrs9.tugu-re.com/internal/ecl/staging/worker_tasks.go:71.16,73.3 1 0
blips-ifrs9.tugu-re.com/internal/ecl/staging/worker_tasks.go:74.2,74.55 1 2
blips-ifrs9.tugu-re.com/internal/ecl/staging/worker_tasks.go:78.84,80.16 2 1
blips-ifrs9.tugu-re.com/internal/ecl/staging/worker_tasks.go:80.16,82.3 1 0
blips-ifrs9.tugu-re.com/internal/ecl/staging/worker_tasks.go:83.2,83.59 1 1
blips-ifrs9.tugu-re.com/internal/ecl/staging/worker_tasks.go:87.84,89.16 2 1
blips-ifrs9.tugu-re.com/internal/ecl/staging/worker_tasks.go:89.16,91.3 1 0
blips-ifrs9.tugu-re.com/internal/ecl/staging/worker_tasks.go:92.2,92.59 1 1
blips-ifrs9.tugu-re.com/internal/ecl/staging/worker_tasks.go:108.168,109.19 1 13
blips-ifrs9.tugu-re.com/internal/ecl/staging/worker_tasks.go:109.19,111.3 1 1
blips-ifrs9.tugu-re.com/internal/ecl/staging/worker_tasks.go:112.2,112.24 1 13
blips-ifrs9.tugu-re.com/internal/ecl/staging/worker_tasks.go:112.24,114.3 1 0
blips-ifrs9.tugu-re.com/internal/ecl/staging/worker_tasks.go:115.2,121.3 1 13
blips-ifrs9.tugu-re.com/internal/ecl/staging/worker_tasks.go:128.86,130.56 2 3
blips-ifrs9.tugu-re.com/internal/ecl/staging/worker_tasks.go:130.56,135.3 2 1
blips-ifrs9.tugu-re.com/internal/ecl/staging/worker_tasks.go:137.2,140.22 3 2
blips-ifrs9.tugu-re.com/internal/ecl/staging/worker_tasks.go:140.22,142.3 1 0
blips-ifrs9.tugu-re.com/internal/ecl/staging/worker_tasks.go:144.2,145.16 2 2
blips-ifrs9.tugu-re.com/internal/ecl/staging/worker_tasks.go:145.16,149.3 2 0
blips-ifrs9.tugu-re.com/internal/ecl/staging/worker_tasks.go:151.2,156.12 2 2
blips-ifrs9.tugu-re.com/internal/ecl/staging/worker_tasks.go:163.90,165.56 2 3
blips-ifrs9.tugu-re.com/internal/ecl/staging/worker_tasks.go:165.56,169.3 2 1
blips-ifrs9.tugu-re.com/internal/ecl/staging/worker_tasks.go:171.2,174.16 3 2
blips-ifrs9.tugu-re.com/internal/ecl/staging/worker_tasks.go:174.16,176.3 1 0
blips-ifrs9.tugu-re.com/internal/ecl/staging/worker_tasks.go:178.2,181.25 3 2
blips-ifrs9.tugu-re.com/internal/ecl/staging/worker_tasks.go:181.25,182.23 1 2
blips-ifrs9.tugu-re.com/internal/ecl/staging/worker_tasks.go:182.23,184.4 1 0
blips-ifrs9.tugu-re.com/internal/ecl/staging/worker_tasks.go:185.3,186.17 2 2
blips-ifrs9.tugu-re.com/internal/ecl/staging/worker_tasks.go:186.17,190.12 3 0
blips-ifrs9.tugu-re.com/internal/ecl/staging/worker_tasks.go:192.3,192.12 1 2
blips-ifrs9.tugu-re.com/internal/ecl/staging/worker_tasks.go:192.12,194.4 1 2
blips-ifrs9.tugu-re.com/internal/ecl/staging/worker_tasks.go:195.3,195.14 1 2
blips-ifrs9.tugu-re.com/internal/ecl/staging/worker_tasks.go:198.2,201.16 2 2
blips-ifrs9.tugu-re.com/internal/ecl/staging/worker_tasks.go:201.16,203.3 1 0
blips-ifrs9.tugu-re.com/internal/ecl/staging/worker_tasks.go:204.2,204.12 1 2
blips-ifrs9.tugu-re.com/internal/ecl/staging/worker_tasks.go:211.90,213.56 2 6
blips-ifrs9.tugu-re.com/internal/ecl/staging/worker_tasks.go:213.56,217.3 2 1
blips-ifrs9.tugu-re.com/internal/ecl/staging/worker_tasks.go:219.2,224.16 4 5
blips-ifrs9.tugu-re.com/internal/ecl/staging/worker_tasks.go:224.16,226.3 1 0
blips-ifrs9.tugu-re.com/internal/ecl/staging/worker_tasks.go:228.2,234.31 5 5
blips-ifrs9.tugu-re.com/internal/ecl/staging/worker_tasks.go:234.31,235.23 1 3
blips-ifrs9.tugu-re.com/internal/ecl/staging/worker_tasks.go:235.23,237.4 1 0
blips-ifrs9.tugu-re.com/internal/ecl/staging/worker_tasks.go:238.3,239.17 2 3
blips-ifrs9.tugu-re.com/internal/ecl/staging/worker_tasks.go:239.17,242.12 3 0
blips-ifrs9.tugu-re.com/internal/ecl/staging/worker_tasks.go:244.3,244.83 1 3
blips-ifrs9.tugu-re.com/internal/ecl/staging/worker_tasks.go:244.83,245.70 1 1
blips-ifrs9.tugu-re.com/internal/ecl/staging/worker_tasks.go:245.70,247.5 1 0
blips-ifrs9.tugu-re.com/internal/ecl/staging/worker_tasks.go:248.4,250.12 3 1
blips-ifrs9.tugu-re.com/internal/ecl/staging/worker_tasks.go:254.3,262.18 1 2
blips-ifrs9.tugu-re.com/internal/ecl/staging/worker_tasks.go:262.18,263.70 1 0
blips-ifrs9.tugu-re.com/internal/ecl/staging/worker_tasks.go:263.70,265.5 1 0
blips-ifrs9.tugu-re.com/internal/ecl/staging/worker_tasks.go:266.4,268.12 3 0
blips-ifrs9.tugu-re.com/internal/ecl/staging/worker_tasks.go:270.3,270.37 1 2
blips-ifrs9.tugu-re.com/internal/ecl/staging/worker_tasks.go:270.37,273.12 3 0
blips-ifrs9.tugu-re.com/internal/ecl/staging/worker_tasks.go:275.3,275.77 1 2
blips-ifrs9.tugu-re.com/internal/ecl/staging/worker_tasks.go:278.2,278.16 1 5
blips-ifrs9.tugu-re.com/internal/ecl/staging/worker_tasks.go:278.16,280.3 1 1
blips-ifrs9.tugu-re.com/internal/ecl/staging/worker_tasks.go:281.2,281.12 1 4
blips-ifrs9.tugu-re.com/internal/ecl/staging/worker_tasks.go:288.90,289.15 1 9
blips-ifrs9.tugu-re.com/internal/ecl/staging/worker_tasks.go:289.15,291.3 1 2
blips-ifrs9.tugu-re.com/internal/ecl/staging/worker_tasks.go:292.2,292.20 1 9
blips-ifrs9.tugu-re.com/internal/ecl/staging/worker_tasks.go:292.20,294.3 1 2
blips-ifrs9.tugu-re.com/internal/ecl/staging/worker_tasks.go:295.2,300.44 2 9
blips-ifrs9.tugu-re.com/internal/ecl/staging/workflow_hook.go:29.77,31.2 1 1
blips-ifrs9.tugu-re.com/internal/ecl/staging/workflow_hook.go:39.95,41.2 1 1
